#-----------------------------------------------------------
# Vivado v2024.2 (64-bit)
# SW Build 5239630 on Fri Nov 08 22:34:34 MST 2024
# IP Build 5239520 on Sun Nov 10 16:12:51 MST 2024
# SharedData Build 5239561 on Fri Nov 08 14:39:27 MST 2024
# Start of session at: Thu May  8 16:31:14 2025
# Process ID         : 76682
# Current directory  : /home/danny/Documents/fpga_club/Danny/board_io_check/board_io_check.runs/impl_1
# Command line       : vivado -log top_boardIO.vdi -applog -product Vivado -messageDb vivado.pb -mode batch -source top_boardIO.tcl -notrace
# Log file           : /home/danny/Documents/fpga_club/Danny/board_io_check/board_io_check.runs/impl_1/top_boardIO.vdi
# Journal file       : /home/danny/Documents/fpga_club/Danny/board_io_check/board_io_check.runs/impl_1/vivado.jou
# Running On         : desktop
# Platform           : Debian
# Operating System   : Debian GNU/Linux 12 (bookworm)
# Processor Detail   : AMD Ryzen 5 1600X Six-Core Processor
# CPU Frequency      : 3391.546 MHz
# CPU Physical cores : 6
# CPU Logical cores  : 12
# Host memory        : 16683 MB
# Swap memory        : 1023 MB
# Total Virtual      : 17707 MB
# Available Virtual  : 12078 MB
#-----------------------------------------------------------
source top_boardIO.tcl -notrace
